=== LeKiwi full pick-and-bucket flow ===
  model       : /home/orangepi/robot/aka-rk3588/models/tennis.rknn
  feetech_dev : auto
  uvc_index   : 0
  rknn core   : 0
  ld path     :
  command     : /home/orangepi/robot/aka-rk3588/build/tennis /home/orangepi/robot/aka-rk3588/models/tennis.rknn auto 0 auto lekiwi

[FeetechBus] auto backend: trying userspace libusb CDC first
[FeetechBus] libusb initialized
[FeetechBus] libusb device count=6
[FeetechBus] device[0] bus=2 addr=1 vid=1d6b pid=0002 class=09/00/01 configs=1
[FeetechBus]   iface=0 alt=0 class=09/00/00 eps=1
[FeetechBus] device[1] bus=1 addr=1 vid=1d6b pid=0002 class=09/00/01 configs=1
[FeetechBus]   iface=0 alt=0 class=09/00/00 eps=1
[FeetechBus] device[2] bus=3 addr=4 vid=1a86 pid=55d3 class=02/00/00 configs=1
[FeetechBus]   iface=0 alt=0 class=02/02/01 eps=1
[FeetechBus]     candidate control interface=0
[FeetechBus]   iface=1 alt=0 class=0a/00/00 eps=2
[FeetechBus]     ep=0x02 attr=0x02 max=32
[FeetechBus]     ep=0x82 attr=0x02 max=64
[FeetechBus]     candidate data interface=1 ep_in=0x82 ep_out=0x02
[FeetechBus] auto detach requested for bus=3 addr=4
[FeetechBus] claim control interface=0 failed: LIBUSB_ERROR_OTHER
[FeetechBus] clear halt ep_in=0x82 rc=0
[FeetechBus] clear halt ep_out=0x02 rc=0
[FeetechBus] SET_LINE_CODING iface=0 baud=1000000 rc=7
[FeetechBus] SET_CONTROL_LINE_STATE iface=0 value=0x0003 rc=0
[FeetechBus] selected CDC device bus=3 addr=4 vid=1a86 pid=55d3 control_if=0 data_if=1
[FeetechBus] auto backend selected: libusb CDC bus endpoint in=0x82 out=0x02
[FeetechArm] torque enabled at current positions; no startup jump
[FeetechArm] slow move: arm<=25.0 deg/s gripper<=40.0 deg/s
[FeetechArm] slow move complete in 1.40 s
unsupported descriptor subtype VS_STILL_IMAGE_FRAME
unsupported descriptor subtype VS_COLORFORMAT
unsupported descriptor subtype VS_STILL_IMAGE_FRAME
unsupported descriptor subtype VS_COLORFORMAT
attempt to claim already-claimed interface 1
[detect] model loaded  w=640 h=480 ch=3  n_out=2
[detect]   out[0] dims=[1,4,6300,0] type=INT8
[detect]   out[1] dims=[1,1,6300,0] type=INT8
[32m[INFO]  Returning LeKiwi arm to HOME at limited speed[0m
[32m[INFO]  LeKiwi platform initialized (Feetech auto)[0m
[UvcCapture] streaming 640x480 @ 30 fps
[32m[INFO]  Camera opened (640x480)[0m
[NPU] Using core mask RKNN_NPU_CORE_0
model input num: 1, output num: 2
input tensors:
  index=0, name=images, n_dims=4, dims=[1, 480, 640, 3], n_elems=921600, size=921600, fmt=NHWC, type=INT8, qnt_type=AFFINE, zp=-128, scale=0.003922
output tensors:
  index=0, name=boxes_raw, n_dims=3, dims=[1, 4, 6300, 0], n_elems=25200, size=25200, fmt=UNDEFINED, type=INT8, qnt_type=AFFINE, zp=-123, scale=2.575453
  index=1, name=scores_raw, n_dims=3, dims=[1, 1, 6300, 0], n_elems=6300, size=6300, fmt=UNDEFINED, type=INT8, qnt_type=AFFINE, zp=-128, scale=0.003835
model is NHWC input fmt
model input height=480, width=640, channel=3
[32m[INFO]  Model input 640x480[0m
[32m[INFO]  Warming up camera (skip 10 frames)...[0m
[32m[INFO]  Performance window=10s; state log interval=1000ms[0m
[STATE] LEKIWI_CHASE label=BALL_READY area=0.075 off=-68 size=151 L=  0 R=  0 ready=0
[GAME] -> PICK_BALL attempt=1/10
[UvcCapture] paused before PICK_BALL in 598.7 ms
[GAME] PICK_BALL start catch sequence attempt=1/10 retry_offset_cm=(0.0, 0.0) total_offset_cm=(-0.5, -0.5, -1.0)
[GAME] PICK_BALL step=1/11 home
[GAME] PICK_BALL step=2/11 joint_target
[GAME] PICK_BALL step=3/11 joint_delta
[GAME] PICK_BALL step=4/11 joint_target
[GAME] PICK_BALL step=5/11 pre_grab
[GAME] PICK_BALL step=6/11 grab
[GAME] PICK_BALL step=7/11 gap
[GAME] PICK_BALL step=8/11 joint_delta
[GAME] PICK_BALL step=9/11 gap
[GAME] PICK_BALL step=10/11 clear
[GAME] PICK_BALL step=11/11 carry
[GAME] PICK_BALL step=12/11 done
[UvcCapture] resumed after PICK_BALL in 709.4 ms
[GAME] PICK_BALL done gripper=18.3 gripper_hold=no ball_visible=yes area=0.083 off=-68 size=159 label=BALL_BACKWARD holding=no post_fps=11.7
[GAME] grab failed -> CHASE_BALL visual realign next attempt=2/10 reason=ball still visible
[PERF] window=28.02s captured=12 processed=11 overwritten=0 camera=0.43fps effective=0.39fps busy=0.48fps
[PERF] frame_ms avg=2091.08 p50=112.61 p95=2754.99 max=19330.75 uvc_cb_copy=0.000
[PERF] stage_ms wait=23.50 capture_copy=4.537 jpeg_header=0.069 jpeg_decode=10.30 letterbox_copy=0.330
[PERF] stage_ms input=7.87 run=43.51 output=3.11 post=0.080 release=0.014 control=248.208 unaccounted=1749.56
[STATE] LEKIWI_CHASE label=BALL_LEFT area=0.079 off=-78 size=159 L=-12 R= 12 ready=0
[STATE] LEKIWI_CHASE label=BALL_BACKWARD area=0.084 off=-68 size=169 L=-12 R=-12 ready=0
[STATE] LEKIWI_CHASE label=BALL_BACKWARD area=0.083 off=-68 size=159 L=-12 R=-12 ready=0
[STATE] LEKIWI_CHASE label=BALL_BACKWARD area=0.083 off=-68 size=159 L=-12 R=-12 ready=0
[STATE] LEKIWI_CHASE label=BALL_BACKWARD area=0.083 off=-68 size=159 L=-12 R=-12 ready=0
[STATE] LEKIWI_CHASE label=BALL_BACKWARD area=0.083 off=-68 size=159 L=-12 R=-12 ready=0
[STATE] LEKIWI_CHASE label=BALL_BACKWARD area=0.083 off=-68 size=159 L=-12 R=-12 ready=0
[STATE] LEKIWI_CHASE label=BALL_BACKWARD area=0.084 off=-68 size=169 L=-12 R=-12 ready=0
[STATE] LEKIWI_CHASE label=BALL_BACKWARD area=0.083 off=-68 size=159 L=-12 R=-12 ready=0
[STATE] LEKIWI_CHASE label=BALL_BACKWARD area=0.083 off=-68 size=159 L=-12 R=-12 ready=0
[PERF] window=10.07s captured=140 processed=136 overwritten=0 camera=13.90fps effective=13.50fps busy=19.82fps
[PERF] frame_ms avg=72.96 p50=81.51 p95=131.40 max=243.60 uvc_cb_copy=0.000
[PERF] stage_ms wait=22.50 capture_copy=0.393 jpeg_header=0.047 jpeg_decode=8.55 letterbox_copy=0.307
[PERF] stage_ms input=0.46 run=37.01 output=0.23 post=0.075 release=0.014 control=3.012 unaccounted=0.36
[STATE] LEKIWI_CHASE label=BALL_BACKWARD area=0.083 off=-68 size=159 L=-12 R=-12 ready=0
[STATE] LEKIWI_CHASE label=BALL_BACKWARD area=0.084 off=-68 size=169 L=-12 R=-12 ready=0
[STATE] LEKIWI_CHASE label=BALL_BACKWARD area=0.083 off=-68 size=159 L=-12 R=-12 ready=0
[STATE] LEKIWI_CHASE label=BALL_BACKWARD area=0.083 off=-68 size=159 L=-12 R=-12 ready=0
[STATE] LEKIWI_CHASE label=BALL_BACKWARD area=0.083 off=-68 size=159 L=-12 R=-12 ready=0
[STATE] LEKIWI_CHASE label=BALL_BACKWARD area=0.083 off=-68 size=159 L=-12 R=-12 ready=0
[STATE] LEKIWI_CHASE label=BALL_BACKWARD area=0.084 off=-68 size=169 L=-12 R=-12 ready=0
[STATE] LEKIWI_CHASE label=BALL_BACKWARD area=0.083 off=-68 size=159 L=-12 R=-12 ready=0
[STATE] LEKIWI_CHASE label=BALL_BACKWARD area=0.083 off=-68 size=159 L=-12 R=-12 ready=0
[STATE] LEKIWI_CHASE label=BALL_BACKWARD area=0.083 off=-68 size=159 L=-12 R=-12 ready=0
[PERF] window=10.02s captured=142 processed=135 overwritten=0 camera=14.17fps effective=13.47fps busy=20.71fps
[PERF] frame_ms avg=71.93 p50=81.57 p95=110.80 max=159.79 uvc_cb_copy=0.000
[PERF] stage_ms wait=23.64 capture_copy=0.378 jpeg_header=0.046 jpeg_decode=8.54 letterbox_copy=0.304
[PERF] stage_ms input=0.46 run=35.64 output=0.22 post=0.072 release=0.015 control=2.257 unaccounted=0.36
[STATE] LEKIWI_CHASE label=BALL_BACKWARD area=0.083 off=-68 size=159 L=-12 R=-12 ready=0
[STATE] LEKIWI_CHASE label=BALL_BACKWARD area=0.083 off=-68 size=159 L=-12 R=-12 ready=0
