=== LeKiwi full pick-and-bucket flow ===
  model       : /home/orangepi/robot/aka-rk3588/models/tennis.rknn
  feetech_dev : auto
  uvc_index   : 0
  rknn core   : 0
  ld path     :
  command     : /home/orangepi/robot/aka-rk3588/build/tennis /home/orangepi/robot/aka-rk3588/models/tennis.rknn auto 0 auto lekiwi

[FeetechBus] auto backend: trying userspace libusb CDC first
[FeetechBus] libusb initialized
[FeetechBus] libusb device count=6
[FeetechBus] device[0] bus=2 addr=1 vid=1d6b pid=0002 class=09/00/01 configs=1
[FeetechBus]   iface=0 alt=0 class=09/00/00 eps=1
[FeetechBus] device[1] bus=1 addr=1 vid=1d6b pid=0002 class=09/00/01 configs=1
[FeetechBus]   iface=0 alt=0 class=09/00/00 eps=1
[FeetechBus] device[2] bus=3 addr=4 vid=1a86 pid=55d3 class=02/00/00 configs=1
[FeetechBus]   iface=0 alt=0 class=02/02/01 eps=1
[FeetechBus]     candidate control interface=0
[FeetechBus]   iface=1 alt=0 class=0a/00/00 eps=2
[FeetechBus]     ep=0x02 attr=0x02 max=32
[FeetechBus]     ep=0x82 attr=0x02 max=64
[FeetechBus]     candidate data interface=1 ep_in=0x82 ep_out=0x02
[FeetechBus] auto detach requested for bus=3 addr=4
[FeetechBus] claim control interface=0 failed: LIBUSB_ERROR_OTHER
[FeetechBus] clear halt ep_in=0x82 rc=0
[FeetechBus] clear halt ep_out=0x02 rc=0
[FeetechBus] SET_LINE_CODING iface=0 baud=1000000 rc=7
[FeetechBus] SET_CONTROL_LINE_STATE iface=0 value=0x0003 rc=0
[FeetechBus] selected CDC device bus=3 addr=4 vid=1a86 pid=55d3 control_if=0 data_if=1
[FeetechBus] auto backend selected: libusb CDC bus endpoint in=0x82 out=0x02
[FeetechArm] torque enabled at current positions; no startup jump
[FeetechArm] slow move: arm<=25.0 deg/s gripper<=40.0 deg/s
[FeetechArm] slow move complete in 1.41 s
unsupported descriptor subtype VS_STILL_IMAGE_FRAME
unsupported descriptor subtype VS_COLORFORMAT
unsupported descriptor subtype VS_STILL_IMAGE_FRAME
unsupported descriptor subtype VS_COLORFORMAT
attempt to claim already-claimed interface 1
[detect] model loaded  w=640 h=480 ch=3  n_out=2
[detect]   out[0] dims=[1,4,6300,0] type=INT8
[detect]   out[1] dims=[1,1,6300,0] type=INT8
[32m[INFO]  Returning LeKiwi arm to HOME at limited speed[0m
[32m[INFO]  LeKiwi platform initialized (Feetech auto)[0m
[UvcCapture] streaming 640x480 @ 30 fps
[32m[INFO]  Camera opened (640x480)[0m
[NPU] Using core mask RKNN_NPU_CORE_0
model input num: 1, output num: 2
input tensors:
  index=0, name=images, n_dims=4, dims=[1, 480, 640, 3], n_elems=921600, size=921600, fmt=NHWC, type=INT8, qnt_type=AFFINE, zp=-128, scale=0.003922
output tensors:
  index=0, name=boxes_raw, n_dims=3, dims=[1, 4, 6300, 0], n_elems=25200, size=25200, fmt=UNDEFINED, type=INT8, qnt_type=AFFINE, zp=-123, scale=2.575453
  index=1, name=scores_raw, n_dims=3, dims=[1, 1, 6300, 0], n_elems=6300, size=6300, fmt=UNDEFINED, type=INT8, qnt_type=AFFINE, zp=-128, scale=0.003835
model is NHWC input fmt
model input height=480, width=640, channel=3
[32m[INFO]  Model input 640x480[0m
[32m[INFO]  Warming up camera (skip 10 frames)...[0m
[32m[INFO]  Performance window=10s; state log interval=3000ms[0m
[STATE] LEKIWI_CHASE label=BALL_FORWARD area=0.068 off=-11 size=146 L=  8 R=  8 ready=0
[STATE] LEKIWI_CHASE label=BALL_FORWARD area=0.068 off= -6 size=146 L=  8 R=  8 ready=0
[PERF] window=10.07s captured=57 processed=53 overwritten=0 camera=5.66fps effective=5.26fps busy=18.33fps
[PERF] frame_ms avg=79.12 p50=81.51 p95=132.03 max=238.44 uvc_cb_copy=0.000
[PERF] stage_ms wait=24.56 capture_copy=0.976 jpeg_header=0.759 jpeg_decode=10.21 letterbox_copy=0.323
[PERF] stage_ms input=1.32 run=37.21 output=0.29 post=0.073 release=0.015 control=2.363 unaccounted=1.03
[STATE] LEKIWI_CHASE label=BALL_FORWARD area=0.068 off=-11 size=146 L=  8 R=  8 ready=0
[STATE] LEKIWI_CHASE label=BALL_FORWARD area=0.068 off= -6 size=146 L=  8 R=  8 ready=0
[STATE] LEKIWI_CHASE label=BALL_FORWARD area=0.068 off=-11 size=146 L=  8 R=  8 ready=0
[PERF] window=10.01s captured=144 processed=134 overwritten=0 camera=14.39fps effective=13.39fps busy=20.06fps
[PERF] frame_ms avg=71.68 p50=80.61 p95=130.98 max=203.25 uvc_cb_copy=0.000
[PERF] stage_ms wait=21.82 capture_copy=1.536 jpeg_header=0.048 jpeg_decode=8.69 letterbox_copy=0.318
[PERF] stage_ms input=0.47 run=34.82 output=0.22 post=0.071 release=0.015 control=3.299 unaccounted=0.37
[STATE] LEKIWI_CHASE label=BALL_FORWARD area=0.068 off= -6 size=146 L=  8 R=  8 ready=0
[STATE] LEKIWI_CHASE label=BALL_FORWARD area=0.068 off=-11 size=146 L=  8 R=  8 ready=0
[STATE] LEKIWI_CHASE label=BALL_FORWARD area=0.068 off=-11 size=146 L=  8 R=  8 ready=0
[STATE] LEKIWI_CHASE label=BALL_FORWARD area=0.068 off=-11 size=146 L=  8 R=  8 ready=0
[PERF] window=10.05s captured=138 processed=134 overwritten=0 camera=13.74fps effective=13.34fps busy=19.14fps
[PERF] frame_ms avg=73.83 p50=80.79 p95=132.39 max=190.10 uvc_cb_copy=0.000
[PERF] stage_ms wait=21.57 capture_copy=0.770 jpeg_header=0.047 jpeg_decode=8.71 letterbox_copy=0.314
[PERF] stage_ms input=0.47 run=36.32 output=0.22 post=0.073 release=0.015 control=4.944 unaccounted=0.37
[STATE] LEKIWI_CHASE label=BALL_FORWARD area=0.068 off= -6 size=146 L=  8 R=  8 ready=0
[STATE] LEKIWI_CHASE label=BALL_FORWARD area=0.068 off=-11 size=146 L=  8 R=  8 ready=0
[STATE] LEKIWI_CHASE label=BALL_FORWARD area=0.065 off=-11 size=141 L=  8 R=  8 ready=0
[PERF] window=10.01s captured=140 processed=131 overwritten=0 camera=13.98fps effective=13.09fps busy=19.56fps
[PERF] frame_ms avg=73.90 p50=81.12 p95=136.28 max=197.95 uvc_cb_copy=0.000
[PERF] stage_ms wait=22.76 capture_copy=1.853 jpeg_header=0.047 jpeg_decode=8.70 letterbox_copy=0.319
[PERF] stage_ms input=0.47 run=35.12 output=0.22 post=0.072 release=0.015 control=3.944 unaccounted=0.37
[STATE] LEKIWI_CHASE label=BALL_FORWARD area=0.068 off=-11 size=146 L=  8 R=  8 ready=0
[STATE] LEKIWI_CHASE label=BALL_FORWARD area=0.068 off=-11 size=146 L=  8 R=  8 ready=0
[STATE] LEKIWI_CHASE label=BALL_FORWARD area=0.065 off=-11 size=141 L=  8 R=  8 ready=0
[PERF] window=10.03s captured=140 processed=135 overwritten=0 camera=13.96fps effective=13.46fps busy=19.68fps
[PERF] frame_ms avg=73.09 p50=80.71 p95=130.87 max=195.96 uvc_cb_copy=0.000
[PERF] stage_ms wait=22.28 capture_copy=1.063 jpeg_header=0.047 jpeg_decode=8.71 letterbox_copy=0.314
[PERF] stage_ms input=0.47 run=35.41 output=0.22 post=0.072 release=0.015 control=4.122 unaccounted=0.37
[STATE] LEKIWI_CHASE label=BALL_FORWARD area=0.068 off=-11 size=146 L=  8 R=  8 ready=0
[STATE] LEKIWI_CHASE label=BALL_FORWARD area=0.068 off=-11 size=146 L=  8 R=  8 ready=0
