unsupported descriptor subtype VS_STILL_IMAGE_FRAME
unsupported descriptor subtype VS_COLORFORMAT
unsupported descriptor subtype VS_STILL_IMAGE_FRAME
unsupported descriptor subtype VS_COLORFORMAT
attempt to claim already-claimed interface 1
[detect] model loaded  w=640 h=480 ch=3  n_out=2
[detect]   out[0] dims=[1,4,6300,0] type=INT8
[detect]   out[1] dims=[1,1,6300,0] type=INT8
[UvcCapture] streaming 640x480 @ 30 fps
[NPU] Using core mask RKNN_NPU_CORE_0_1_2
model input num: 1, output num: 2
input tensors:
  index=0, name=images, n_dims=4, dims=[1, 480, 640, 3], n_elems=921600, size=921600, fmt=NHWC, type=INT8, qnt_type=AFFINE, zp=-128, scale=0.003922
output tensors:
  index=0, name=boxes_raw, n_dims=3, dims=[1, 4, 6300, 0], n_elems=25200, size=25200, fmt=UNDEFINED, type=INT8, qnt_type=AFFINE, zp=-123, scale=2.575453
  index=1, name=scores_raw, n_dims=3, dims=[1, 1, 6300, 0], n_elems=6300, size=6300, fmt=UNDEFINED, type=INT8, qnt_type=AFFINE, zp=-128, scale=0.003835
model is NHWC input fmt
model input height=480, width=640, channel=3
[UVC-BENCH] NPU mode=serial cpu=-1 gap=0us
[UVC-BENCH] window=10.05s captured=181 consumed=181 camera=18.01fps consumed=18.01fps avg_frame=37.9KiB
[UVC-BENCH] window=10.09s captured=184 consumed=184 camera=18.24fps consumed=18.24fps avg_frame=37.6KiB
[UVC-BENCH] window=10.07s captured=186 consumed=186 camera=18.47fps consumed=18.47fps avg_frame=38.3KiB
[UVC-BENCH] window=10.09s captured=188 consumed=188 camera=18.63fps consumed=18.63fps avg_frame=38.2KiB
[UVC-BENCH] window=10.12s captured=190 consumed=190 camera=18.78fps consumed=18.78fps avg_frame=37.8KiB
[UVC-BENCH] total=60.06s captured=1105 consumed=1105 camera=18.40fps consumed=18.40fps avg_frame=37.9KiB
[UVC-BENCH] npu_runs=1105 total_avg=19.603ms run_avg=18.625ms
