unsupported descriptor subtype VS_STILL_IMAGE_FRAME
unsupported descriptor subtype VS_COLORFORMAT
unsupported descriptor subtype VS_STILL_IMAGE_FRAME
unsupported descriptor subtype VS_COLORFORMAT
attempt to claim already-claimed interface 1
[detect] model loaded  w=640 h=480 ch=3  n_out=2
[detect]   out[0] dims=[1,4,6300,0] type=INT8
[detect]   out[1] dims=[1,1,6300,0] type=INT8
[UvcCapture] streaming 640x480 @ 30 fps
[NPU] Using core mask RKNN_NPU_CORE_0_1_2
model input num: 1, output num: 2
input tensors:
  index=0, name=images, n_dims=4, dims=[1, 480, 640, 3], n_elems=921600, size=921600, fmt=NHWC, type=INT8, qnt_type=AFFINE, zp=-128, scale=0.003922
output tensors:
  index=0, name=boxes_raw, n_dims=3, dims=[1, 4, 6300, 0], n_elems=25200, size=25200, fmt=UNDEFINED, type=INT8, qnt_type=AFFINE, zp=-123, scale=2.575453
  index=1, name=scores_raw, n_dims=3, dims=[1, 1, 6300, 0], n_elems=6300, size=6300, fmt=UNDEFINED, type=INT8, qnt_type=AFFINE, zp=-128, scale=0.003835
model is NHWC input fmt
model input height=480, width=640, channel=3
[UVC-BENCH] NPU mode=serial cpu=-1 gap=1us
[UVC-BENCH] window=10.01s captured=190 consumed=190 camera=18.97fps consumed=18.97fps avg_frame=38.1KiB
[UVC-BENCH] window=10.06s captured=183 consumed=183 camera=18.19fps consumed=18.19fps avg_frame=37.6KiB
[UVC-BENCH] window=10.02s captured=189 consumed=189 camera=18.86fps consumed=18.86fps avg_frame=37.8KiB
[UVC-BENCH] window=10.08s captured=185 consumed=185 camera=18.35fps consumed=18.35fps avg_frame=37.9KiB
[UVC-BENCH] window=10.00s captured=180 consumed=180 camera=18.00fps consumed=18.00fps avg_frame=37.3KiB
[UVC-BENCH] total=60.02s captured=1105 consumed=1105 camera=18.41fps consumed=18.41fps avg_frame=37.7KiB
[UVC-BENCH] npu_runs=1105 total_avg=19.536ms run_avg=18.430ms
