=== LeKiwi full pick-and-bucket flow ===
  model       : /home/orangepi/robot/aka-rk3588/models/tennis.rknn
  feetech_dev : auto
  uvc_index   : 0
  rknn core   : 0
  ld path     :
  command     : /home/orangepi/robot/aka-rk3588/build/tennis /home/orangepi/robot/aka-rk3588/models/tennis.rknn auto 0 auto lekiwi

[FeetechBus] auto backend: trying userspace libusb CDC first
[FeetechBus] libusb initialized
[FeetechBus] libusb device count=6
[FeetechBus] device[0] bus=2 addr=1 vid=1d6b pid=0002 class=09/00/01 configs=1
[FeetechBus]   iface=0 alt=0 class=09/00/00 eps=1
[FeetechBus] device[1] bus=1 addr=1 vid=1d6b pid=0002 class=09/00/01 configs=1
[FeetechBus]   iface=0 alt=0 class=09/00/00 eps=1
[FeetechBus] device[2] bus=3 addr=4 vid=1a86 pid=55d3 class=02/00/00 configs=1
[FeetechBus]   iface=0 alt=0 class=02/02/01 eps=1
[FeetechBus]     candidate control interface=0
[FeetechBus]   iface=1 alt=0 class=0a/00/00 eps=2
[FeetechBus]     ep=0x02 attr=0x02 max=32
[FeetechBus]     ep=0x82 attr=0x02 max=64
[FeetechBus]     candidate data interface=1 ep_in=0x82 ep_out=0x02
[FeetechBus] auto detach requested for bus=3 addr=4
[FeetechBus] claim control interface=0 failed: LIBUSB_ERROR_OTHER
[FeetechBus] clear halt ep_in=0x82 rc=0
[FeetechBus] clear halt ep_out=0x02 rc=0
[FeetechBus] SET_LINE_CODING iface=0 baud=1000000 rc=7
[FeetechBus] SET_CONTROL_LINE_STATE iface=0 value=0x0003 rc=0
[FeetechBus] selected CDC device bus=3 addr=4 vid=1a86 pid=55d3 control_if=0 data_if=1
[FeetechBus] auto backend selected: libusb CDC bus endpoint in=0x82 out=0x02
[FeetechArm] torque enabled at current positions; no startup jump
[FeetechArm] slow move: arm<=25.0 deg/s gripper<=40.0 deg/s
[FeetechArm] slow move complete in 1.40 s
unsupported descriptor subtype VS_STILL_IMAGE_FRAME
unsupported descriptor subtype VS_COLORFORMAT
unsupported descriptor subtype VS_STILL_IMAGE_FRAME
unsupported descriptor subtype VS_COLORFORMAT
attempt to claim already-claimed interface 1
[detect] model loaded  w=640 h=480 ch=3  n_out=2
[detect]   out[0] dims=[1,4,6300,0] type=INT8
[detect]   out[1] dims=[1,1,6300,0] type=INT8
[UvcCapture] streaming 640x480 @ 30 fps
[NPU] Using core mask RKNN_NPU_CORE_0
model input num: 1, output num: 2
input tensors:
  index=0, name=images, n_dims=4, dims=[1, 480, 640, 3], n_elems=921600, size=921600, fmt=NHWC, type=INT8, qnt_type=AFFINE, zp=-128, scale=0.003922
output tensors:
  index=0, name=boxes_raw, n_dims=3, dims=[1, 4, 6300, 0], n_elems=25200, size=25200, fmt=UNDEFINED, type=INT8, qnt_type=AFFINE, zp=-123, scale=2.575453
  index=1, name=scores_raw, n_dims=3, dims=[1, 1, 6300, 0], n_elems=6300, size=6300, fmt=UNDEFINED, type=INT8, qnt_type=AFFINE, zp=-128, scale=0.003835
model is NHWC input fmt
model input height=480, width=640, channel=3
[STATE] LEKIWI_CHASE label=BALL_FINE_LEFT area=0.083 off=-68 size=159 L= -8 R=  8 ready=0
[STATE] LEKIWI_CHASE label=BALL_FINE_LEFT area=0.083 off=-68 size=159 L= -8 R=  8 ready=0
[STATE] LEKIWI_CHASE label=BALL_FINE_LEFT area=0.083 off=-68 size=159 L= -8 R=  8 ready=0
[PERF] window=10.01s captured=72 processed=71 camera=7.19fps effective=7.09fps busy=18.49fps
[PERF] frame_ms avg=77.02 p50=79.72 p95=131.99 max=220.41
[PERF] stage_ms wait=22.94 capture_copy=2.084 jpeg_header=0.523 jpeg_decode=9.04 letterbox_copy=0.306
[PERF] stage_ms input=0.61 run=36.81 output=0.26 post=0.070 release=0.014 control=3.481 unaccounted=0.89
[STATE] LEKIWI_CHASE label=BALL_FINE_LEFT area=0.083 off=-68 size=159 L= -8 R=  8 ready=0
[STATE] LEKIWI_CHASE label=BALL_FINE_LEFT area=0.083 off=-68 size=159 L= -8 R=  8 ready=0
[STATE] LEKIWI_CHASE label=BALL_FINE_LEFT area=0.083 off=-68 size=159 L= -8 R=  8 ready=0
[STATE] LEKIWI_CHASE label=BALL_FINE_LEFT area=0.084 off=-68 size=169 L= -8 R=  8 ready=0
[STATE] LEKIWI_CHASE label=BALL_FINE_LEFT area=0.083 off=-68 size=159 L= -8 R=  8 ready=0
[PERF] window=10.09s captured=144 processed=137 camera=14.27fps effective=13.58fps busy=20.71fps
[PERF] frame_ms avg=70.95 p50=79.55 p95=132.07 max=190.94
[PERF] stage_ms wait=22.67 capture_copy=0.731 jpeg_header=0.040 jpeg_decode=8.63 letterbox_copy=0.311
[PERF] stage_ms input=0.46 run=34.74 output=0.22 post=0.070 release=0.014 control=2.731 unaccounted=0.34
[STATE] LEKIWI_CHASE label=BALL_FINE_LEFT area=0.083 off=-68 size=159 L= -8 R=  8 ready=0
[STATE] LEKIWI_CHASE label=BALL_FINE_LEFT area=0.083 off=-68 size=159 L= -8 R=  8 ready=0
[STATE] LEKIWI_CHASE label=BALL_FINE_LEFT area=0.083 off=-68 size=159 L= -8 R=  8 ready=0
[STATE] LEKIWI_CHASE label=BALL_FINE_LEFT area=0.083 off=-68 size=159 L= -8 R=  8 ready=0
[STATE] LEKIWI_CHASE label=BALL_FINE_LEFT area=0.083 off=-68 size=159 L= -8 R=  8 ready=0
[PERF] window=10.01s captured=140 processed=133 camera=13.99fps effective=13.29fps busy=19.20fps
[PERF] frame_ms avg=73.55 p50=79.81 p95=131.94 max=191.78
[PERF] stage_ms wait=21.46 capture_copy=1.847 jpeg_header=0.040 jpeg_decode=8.64 letterbox_copy=0.314
[PERF] stage_ms input=0.46 run=38.43 output=0.22 post=0.070 release=0.014 control=1.719 unaccounted=0.34
[STATE] LEKIWI_CHASE label=BALL_FINE_LEFT area=0.083 off=-68 size=159 L= -8 R=  8 ready=0
[STATE] LEKIWI_CHASE label=BALL_FINE_LEFT area=0.083 off=-68 size=159 L= -8 R=  8 ready=0
[STATE] LEKIWI_CHASE label=BALL_FINE_LEFT area=0.083 off=-68 size=159 L= -8 R=  8 ready=0
[STATE] LEKIWI_CHASE label=BALL_FINE_LEFT area=0.084 off=-68 size=169 L= -8 R=  8 ready=0
[STATE] LEKIWI_CHASE label=BALL_FINE_LEFT area=0.083 off=-68 size=159 L= -8 R=  8 ready=0
[PERF] window=9.93s captured=145 processed=136 camera=14.60fps effective=13.70fps busy=20.39fps
[PERF] frame_ms avg=69.90 p50=79.76 p95=101.36 max=181.58
[PERF] stage_ms wait=20.86 capture_copy=0.031 jpeg_header=0.041 jpeg_decode=8.64 letterbox_copy=0.313
[PERF] stage_ms input=0.46 run=35.75 output=0.22 post=0.070 release=0.014 control=3.160 unaccounted=0.34
[PERF-TEST] completed duration=40s npu_yield=0us
