=== LeKiwi full pick-and-bucket flow ===
  model       : /home/orangepi/robot/aka-rk3588/models/tennis.rknn
  feetech_dev : auto
  uvc_index   : 0
  rknn core   : 0
  ld path     :
  command     : /home/orangepi/robot/aka-rk3588/build/tennis /home/orangepi/robot/aka-rk3588/models/tennis.rknn auto 0 auto lekiwi

[FeetechBus] auto backend: trying userspace libusb CDC first
[FeetechBus] libusb initialized
[FeetechBus] libusb device count=6
[FeetechBus] device[0] bus=2 addr=1 vid=1d6b pid=0002 class=09/00/01 configs=1
[FeetechBus]   iface=0 alt=0 class=09/00/00 eps=1
[FeetechBus] device[1] bus=1 addr=1 vid=1d6b pid=0002 class=09/00/01 configs=1
[FeetechBus]   iface=0 alt=0 class=09/00/00 eps=1
[FeetechBus] device[2] bus=3 addr=4 vid=1a86 pid=55d3 class=02/00/00 configs=1
[FeetechBus]   iface=0 alt=0 class=02/02/01 eps=1
[FeetechBus]     candidate control interface=0
[FeetechBus]   iface=1 alt=0 class=0a/00/00 eps=2
[FeetechBus]     ep=0x02 attr=0x02 max=32
[FeetechBus]     ep=0x82 attr=0x02 max=64
[FeetechBus]     candidate data interface=1 ep_in=0x82 ep_out=0x02
[FeetechBus] auto detach requested for bus=3 addr=4
[FeetechBus] claim control interface=0 failed: LIBUSB_ERROR_OTHER
[FeetechBus] clear halt ep_in=0x82 rc=0
[FeetechBus] clear halt ep_out=0x02 rc=0
[FeetechBus] SET_LINE_CODING iface=0 baud=1000000 rc=7
[FeetechBus] SET_CONTROL_LINE_STATE iface=0 value=0x0003 rc=0
[FeetechBus] selected CDC device bus=3 addr=4 vid=1a86 pid=55d3 control_if=0 data_if=1
[FeetechBus] auto backend selected: libusb CDC bus endpoint in=0x82 out=0x02
[FeetechArm] torque enabled at current positions; no startup jump
[FeetechArm] slow move: arm<=25.0 deg/s gripper<=40.0 deg/s
[FeetechArm] slow move complete in 1.41 s
unsupported descriptor subtype VS_STILL_IMAGE_FRAME
unsupported descriptor subtype VS_COLORFORMAT
unsupported descriptor subtype VS_STILL_IMAGE_FRAME
unsupported descriptor subtype VS_COLORFORMAT
attempt to claim already-claimed interface 1
[detect] model loaded  w=640 h=480 ch=3  n_out=2
[detect]   out[0] dims=[1,4,6300,0] type=INT8
[detect]   out[1] dims=[1,1,6300,0] type=INT8
[UvcCapture] streaming 640x480 @ 30 fps
[NPU] Using core mask RKNN_NPU_CORE_0
model input num: 1, output num: 2
input tensors:
  index=0, name=images, n_dims=4, dims=[1, 480, 640, 3], n_elems=921600, size=921600, fmt=NHWC, type=INT8, qnt_type=AFFINE, zp=-128, scale=0.003922
output tensors:
  index=0, name=boxes_raw, n_dims=3, dims=[1, 4, 6300, 0], n_elems=25200, size=25200, fmt=UNDEFINED, type=INT8, qnt_type=AFFINE, zp=-123, scale=2.575453
  index=1, name=scores_raw, n_dims=3, dims=[1, 1, 6300, 0], n_elems=6300, size=6300, fmt=UNDEFINED, type=INT8, qnt_type=AFFINE, zp=-128, scale=0.003835
model is NHWC input fmt
model input height=480, width=640, channel=3
[STATE] LEKIWI_CHASE label=BALL_FINE_LEFT area=0.083 off=-68 size=159 L= -8 R=  8 ready=0
[STATE] LEKIWI_CHASE label=BALL_FINE_LEFT area=0.083 off=-68 size=159 L= -8 R=  8 ready=0
[PERF] window=10.09s captured=69 processed=61 camera=6.84fps effective=6.05fps busy=19.72fps
[PERF] frame_ms avg=75.06 p50=81.18 p95=131.85 max=210.46
[PERF] stage_ms wait=24.35 capture_copy=0.850 jpeg_header=0.051 jpeg_decode=8.85 letterbox_copy=0.307
[PERF] stage_ms input=1.82 run=35.62 output=0.62 post=0.072 release=0.014 control=2.027 unaccounted=0.48
[STATE] LEKIWI_CHASE label=BALL_FINE_LEFT area=0.083 off=-68 size=159 L= -8 R=  8 ready=0
[STATE] LEKIWI_CHASE label=BALL_FINE_LEFT area=0.083 off=-68 size=159 L= -8 R=  8 ready=0
[STATE] LEKIWI_CHASE label=BALL_FINE_LEFT area=0.083 off=-68 size=159 L= -8 R=  8 ready=0
[PERF] window=10.05s captured=142 processed=136 camera=14.13fps effective=13.53fps busy=19.76fps
[PERF] frame_ms avg=72.84 p50=80.52 p95=131.88 max=152.00
[PERF] stage_ms wait=22.23 capture_copy=1.812 jpeg_header=0.047 jpeg_decode=8.75 letterbox_copy=0.304
[PERF] stage_ms input=0.46 run=36.99 output=0.23 post=0.072 release=0.014 control=1.534 unaccounted=0.40
[STATE] LEKIWI_CHASE label=BALL_LEFT area=0.084 off=-78 size=169 L=-12 R= 12 ready=0
[STATE] LEKIWI_CHASE label=BALL_FINE_LEFT area=0.084 off=-68 size=169 L= -8 R=  8 ready=0
[STATE] LEKIWI_CHASE label=BALL_FINE_LEFT area=0.083 off=-68 size=159 L= -8 R=  8 ready=0
[STATE] LEKIWI_CHASE label=BALL_FINE_LEFT area=0.084 off=-68 size=169 L= -8 R=  8 ready=0
[PERF] window=9.88s captured=140 processed=130 camera=14.17fps effective=13.16fps busy=19.66fps
[PERF] frame_ms avg=72.93 p50=80.67 p95=132.13 max=198.23
[PERF] stage_ms wait=22.05 capture_copy=1.573 jpeg_header=0.047 jpeg_decode=8.72 letterbox_copy=0.308
[PERF] stage_ms input=0.46 run=34.80 output=0.22 post=0.071 release=0.014 control=4.240 unaccounted=0.41
[PERF-TEST] completed duration=30s npu_yield=2us
