=== LeKiwi full pick-and-bucket flow ===
  model       : /home/orangepi/robot/aka-rk3588/models/tennis.rknn
  feetech_dev : auto
  uvc_index   : 0
  rknn core   : 0
  ld path     :
  command     : /home/orangepi/robot/aka-rk3588/build/tennis /home/orangepi/robot/aka-rk3588/models/tennis.rknn auto 0 auto lekiwi

[FeetechBus] auto backend: trying userspace libusb CDC first
[FeetechBus] libusb initialized
[FeetechBus] libusb device count=6
[FeetechBus] device[0] bus=2 addr=1 vid=1d6b pid=0002 class=09/00/01 configs=1
[FeetechBus]   iface=0 alt=0 class=09/00/00 eps=1
[FeetechBus] device[1] bus=1 addr=1 vid=1d6b pid=0002 class=09/00/01 configs=1
[FeetechBus]   iface=0 alt=0 class=09/00/00 eps=1
[FeetechBus] device[2] bus=3 addr=4 vid=1a86 pid=55d3 class=02/00/00 configs=1
[FeetechBus]   iface=0 alt=0 class=02/02/01 eps=1
[FeetechBus]     candidate control interface=0
[FeetechBus]   iface=1 alt=0 class=0a/00/00 eps=2
[FeetechBus]     ep=0x02 attr=0x02 max=32
[FeetechBus]     ep=0x82 attr=0x02 max=64
[FeetechBus]     candidate data interface=1 ep_in=0x82 ep_out=0x02
[FeetechBus] auto detach requested for bus=3 addr=4
[FeetechBus] claim control interface=0 failed: LIBUSB_ERROR_OTHER
[FeetechBus] clear halt ep_in=0x82 rc=0
[FeetechBus] clear halt ep_out=0x02 rc=0
[FeetechBus] SET_LINE_CODING iface=0 baud=1000000 rc=7
[FeetechBus] SET_CONTROL_LINE_STATE iface=0 value=0x0003 rc=0
[FeetechBus] selected CDC device bus=3 addr=4 vid=1a86 pid=55d3 control_if=0 data_if=1
[FeetechBus] auto backend selected: libusb CDC bus endpoint in=0x82 out=0x02
[FeetechArm] torque enabled at current positions; no startup jump
[FeetechArm] slow move: arm<=25.0 deg/s gripper<=40.0 deg/s
[FeetechArm] slow move complete in 1.40 s
unsupported descriptor subtype VS_STILL_IMAGE_FRAME
unsupported descriptor subtype VS_COLORFORMAT
unsupported descriptor subtype VS_STILL_IMAGE_FRAME
unsupported descriptor subtype VS_COLORFORMAT
attempt to claim already-claimed interface 1
[detect] model loaded  w=640 h=480 ch=3  n_out=2
[detect]   out[0] dims=[1,4,6300,0] type=INT8
[detect]   out[1] dims=[1,1,6300,0] type=INT8
[UvcCapture] streaming 640x480 @ 30 fps
[NPU] Using core mask RKNN_NPU_CORE_0
model input num: 1, output num: 2
input tensors:
  index=0, name=images, n_dims=4, dims=[1, 480, 640, 3], n_elems=921600, size=921600, fmt=NHWC, type=INT8, qnt_type=AFFINE, zp=-128, scale=0.003922
output tensors:
  index=0, name=boxes_raw, n_dims=3, dims=[1, 4, 6300, 0], n_elems=25200, size=25200, fmt=UNDEFINED, type=INT8, qnt_type=AFFINE, zp=-123, scale=2.575453
  index=1, name=scores_raw, n_dims=3, dims=[1, 1, 6300, 0], n_elems=6300, size=6300, fmt=UNDEFINED, type=INT8, qnt_type=AFFINE, zp=-128, scale=0.003835
model is NHWC input fmt
model input height=480, width=640, channel=3
[STATE] LEKIWI_CHASE label=BALL_FINE_LEFT area=0.084 off=-68 size=169 L= -8 R=  8 ready=0
[STATE] LEKIWI_CHASE label=BALL_FINE_LEFT area=0.083 off=-68 size=159 L= -8 R=  8 ready=0
[PERF] window=10.08s captured=63 processed=60 camera=6.25fps effective=5.95fps busy=20.35fps
[PERF] frame_ms avg=72.40 p50=80.58 p95=100.60 max=201.55
[PERF] stage_ms wait=23.26 capture_copy=0.867 jpeg_header=0.046 jpeg_decode=8.86 letterbox_copy=0.308
[PERF] stage_ms input=1.89 run=35.62 output=0.61 post=0.071 release=0.014 control=0.389 unaccounted=0.47
[STATE] LEKIWI_CHASE label=BALL_FINE_LEFT area=0.083 off=-68 size=159 L= -8 R=  8 ready=0
[STATE] LEKIWI_CHASE label=BALL_FINE_LEFT area=0.083 off=-68 size=159 L= -8 R=  8 ready=0
[STATE] LEKIWI_CHASE label=BALL_FINE_LEFT area=0.083 off=-68 size=159 L= -8 R=  8 ready=0
[PERF] window=10.10s captured=144 processed=131 camera=14.26fps effective=12.97fps busy=19.69fps
[PERF] frame_ms avg=73.50 p50=80.53 p95=131.45 max=180.94
[PERF] stage_ms wait=22.72 capture_copy=1.137 jpeg_header=0.043 jpeg_decode=8.73 letterbox_copy=0.307
[PERF] stage_ms input=0.47 run=36.48 output=0.22 post=0.074 release=0.015 control=2.905 unaccounted=0.39
[STATE] LEKIWI_CHASE label=BALL_FINE_LEFT area=0.083 off=-68 size=159 L= -8 R=  8 ready=0
[STATE] LEKIWI_CHASE label=BALL_FINE_LEFT area=0.084 off=-68 size=169 L= -8 R=  8 ready=0
[STATE] LEKIWI_CHASE label=BALL_FINE_LEFT area=0.083 off=-68 size=159 L= -8 R=  8 ready=0
[PERF] window=9.93s captured=144 processed=133 camera=14.50fps effective=13.39fps busy=20.35fps
[PERF] frame_ms avg=71.49 p50=80.42 p95=131.73 max=158.70
[PERF] stage_ms wait=22.34 capture_copy=1.089 jpeg_header=0.042 jpeg_decode=8.73 letterbox_copy=0.308
[PERF] stage_ms input=0.47 run=35.86 output=0.22 post=0.075 release=0.015 control=1.950 unaccounted=0.39
[PERF-TEST] completed duration=30s npu_yield=1us
