=== LeKiwi full pick-and-bucket flow ===
  model       : /home/orangepi/robot/aka-rk3588/models/tennis.rknn
  feetech_dev : auto
  uvc_index   : 0
  rknn core   : 0
  ld path     :
  command     : /home/orangepi/robot/aka-rk3588/build/tennis /home/orangepi/robot/aka-rk3588/models/tennis.rknn auto 0 auto lekiwi

[FeetechBus] auto backend: trying userspace libusb CDC first
[FeetechBus] libusb initialized
[FeetechBus] libusb device count=6
[FeetechBus] device[0] bus=2 addr=1 vid=1d6b pid=0002 class=09/00/01 configs=1
[FeetechBus]   iface=0 alt=0 class=09/00/00 eps=1
[FeetechBus] device[1] bus=1 addr=1 vid=1d6b pid=0002 class=09/00/01 configs=1
[FeetechBus]   iface=0 alt=0 class=09/00/00 eps=1
[FeetechBus] device[2] bus=3 addr=4 vid=1a86 pid=55d3 class=02/00/00 configs=1
[FeetechBus]   iface=0 alt=0 class=02/02/01 eps=1
[FeetechBus]     candidate control interface=0
[FeetechBus]   iface=1 alt=0 class=0a/00/00 eps=2
[FeetechBus]     ep=0x02 attr=0x02 max=32
[FeetechBus]     ep=0x82 attr=0x02 max=64
[FeetechBus]     candidate data interface=1 ep_in=0x82 ep_out=0x02
[FeetechBus] auto detach requested for bus=3 addr=4
[FeetechBus] claim control interface=0 failed: LIBUSB_ERROR_OTHER
[FeetechBus] clear halt ep_in=0x82 rc=0
[FeetechBus] clear halt ep_out=0x02 rc=0
[FeetechBus] SET_LINE_CODING iface=0 baud=1000000 rc=7
[FeetechBus] SET_CONTROL_LINE_STATE iface=0 value=0x0003 rc=0
[FeetechBus] selected CDC device bus=3 addr=4 vid=1a86 pid=55d3 control_if=0 data_if=1
[FeetechBus] auto backend selected: libusb CDC bus endpoint in=0x82 out=0x02
[FeetechArm] torque enabled at current positions; no startup jump
[FeetechArm] slow move: arm<=25.0 deg/s gripper<=40.0 deg/s
[FeetechArm] slow move complete in 1.40 s
unsupported descriptor subtype VS_STILL_IMAGE_FRAME
unsupported descriptor subtype VS_COLORFORMAT
unsupported descriptor subtype VS_STILL_IMAGE_FRAME
unsupported descriptor subtype VS_COLORFORMAT
attempt to claim already-claimed interface 1
[detect] model loaded  w=640 h=480 ch=3  n_out=2
[detect]   out[0] dims=[1,4,6300,0] type=INT8
[detect]   out[1] dims=[1,1,6300,0] type=INT8
[UvcCapture] streaming 640x480 @ 30 fps
[NPU] Using core mask RKNN_NPU_CORE_0
model input num: 1, output num: 2
input tensors:
  index=0, name=images, n_dims=4, dims=[1, 480, 640, 3], n_elems=921600, size=921600, fmt=NHWC, type=INT8, qnt_type=AFFINE, zp=-128, scale=0.003922
output tensors:
  index=0, name=boxes_raw, n_dims=3, dims=[1, 4, 6300, 0], n_elems=25200, size=25200, fmt=UNDEFINED, type=INT8, qnt_type=AFFINE, zp=-123, scale=2.575453
  index=1, name=scores_raw, n_dims=3, dims=[1, 1, 6300, 0], n_elems=6300, size=6300, fmt=UNDEFINED, type=INT8, qnt_type=AFFINE, zp=-128, scale=0.003835
model is NHWC input fmt
model input height=480, width=640, channel=3
[STATE] LEKIWI_CHASE label=BALL_FINE_LEFT area=0.084 off=-68 size=169 L= -8 R=  8 ready=0
[STATE] LEKIWI_CHASE label=BALL_LEFT area=0.084 off=-78 size=169 L=-12 R= 12 ready=0
[PERF] window=10.02s captured=68 processed=65 camera=6.79fps effective=6.49fps busy=19.87fps
[PERF] frame_ms avg=71.95 p50=80.97 p95=107.40 max=213.63
[PERF] stage_ms wait=21.63 capture_copy=0.035 jpeg_header=0.050 jpeg_decode=8.92 letterbox_copy=0.314
[PERF] stage_ms input=1.69 run=35.38 output=0.70 post=0.071 release=0.014 control=2.716 unaccounted=0.43
[STATE] LEKIWI_CHASE label=BALL_FINE_LEFT area=0.083 off=-68 size=159 L= -8 R=  8 ready=0
[STATE] LEKIWI_CHASE label=BALL_FINE_LEFT area=0.084 off=-68 size=169 L= -8 R=  8 ready=0
[STATE] LEKIWI_CHASE label=BALL_FINE_LEFT area=0.083 off=-68 size=159 L= -8 R=  8 ready=0
[PERF] window=10.01s captured=142 processed=134 camera=14.18fps effective=13.39fps busy=20.01fps
[PERF] frame_ms avg=73.57 p50=80.73 p95=131.86 max=157.24
[PERF] stage_ms wait=23.60 capture_copy=1.470 jpeg_header=0.052 jpeg_decode=8.77 letterbox_copy=0.311
[PERF] stage_ms input=0.46 run=36.65 output=0.23 post=0.073 release=0.015 control=1.576 unaccounted=0.37
[STATE] LEKIWI_CHASE label=BALL_FINE_LEFT area=0.083 off=-68 size=159 L= -8 R=  8 ready=0
[STATE] LEKIWI_CHASE label=BALL_FINE_LEFT area=0.088 off=-68 size=169 L= -8 R=  8 ready=0
[STATE] LEKIWI_CHASE label=BALL_FINE_LEFT area=0.084 off=-68 size=169 L= -8 R=  8 ready=0
[STATE] LEKIWI_CHASE label=BALL_FINE_LEFT area=0.084 off=-68 size=169 L= -8 R=  8 ready=0
[PERF] window=10.08s captured=140 processed=128 camera=13.89fps effective=12.70fps busy=19.49fps
[PERF] frame_ms avg=75.69 p50=81.13 p95=131.25 max=160.69
[PERF] stage_ms wait=24.39 capture_copy=1.260 jpeg_header=0.049 jpeg_decode=8.80 letterbox_copy=0.314
[PERF] stage_ms input=0.46 run=35.35 output=0.23 post=0.073 release=0.014 control=4.391 unaccounted=0.37
[STATE] LEKIWI_CHASE label=BALL_FINE_LEFT area=0.083 off=-68 size=159 L= -8 R=  8 ready=0
[STATE] LEKIWI_CHASE label=BALL_LEFT area=0.084 off=-78 size=169 L=-12 R= 12 ready=0
[STATE] LEKIWI_CHASE label=BALL_FINE_LEFT area=0.083 off=-68 size=159 L= -8 R=  8 ready=0
[PERF] window=10.05s captured=140 processed=133 camera=13.93fps effective=13.23fps busy=19.66fps
[PERF] frame_ms avg=74.17 p50=81.31 p95=131.57 max=150.87
[PERF] stage_ms wait=23.29 capture_copy=0.782 jpeg_header=0.048 jpeg_decode=8.76 letterbox_copy=0.310
[PERF] stage_ms input=0.46 run=36.44 output=0.23 post=0.073 release=0.015 control=3.395 unaccounted=0.37
[STATE] LEKIWI_CHASE label=BALL_FINE_LEFT area=0.084 off=-68 size=169 L= -8 R=  8 ready=0
[STATE] LEKIWI_CHASE label=BALL_FINE_LEFT area=0.083 off=-68 size=159 L= -8 R=  8 ready=0
[STATE] LEKIWI_CHASE label=BALL_FINE_LEFT area=0.083 off=-68 size=159 L= -8 R=  8 ready=0
[PERF] window=10.06s captured=140 processed=135 camera=13.92fps effective=13.42fps busy=19.76fps
[PERF] frame_ms avg=73.07 p50=80.62 p95=131.73 max=200.77
[PERF] stage_ms wait=22.46 capture_copy=1.513 jpeg_header=0.048 jpeg_decode=8.78 letterbox_copy=0.311
[PERF] stage_ms input=0.46 run=35.76 output=0.22 post=0.073 release=0.015 control=3.058 unaccounted=0.37
[STATE] LEKIWI_CHASE label=BALL_FINE_LEFT area=0.084 off=-68 size=169 L= -8 R=  8 ready=0
[STATE] LEKIWI_CHASE label=BALL_FINE_LEFT area=0.083 off=-68 size=159 L= -8 R=  8 ready=0
[STATE] LEKIWI_CHASE label=BALL_LEFT area=0.084 off=-78 size=169 L=-12 R= 12 ready=0
[PERF] window=9.81s captured=140 processed=127 camera=14.27fps effective=12.95fps busy=19.76fps
[PERF] frame_ms avg=73.70 p50=80.89 p95=131.81 max=181.77
[PERF] stage_ms wait=23.09 capture_copy=0.820 jpeg_header=0.046 jpeg_decode=8.77 letterbox_copy=0.312
[PERF] stage_ms input=0.46 run=37.90 output=0.23 post=0.073 release=0.015 control=1.622 unaccounted=0.36
[PERF-TEST] completed duration=60s npu_yield=0us
